// Vitest Snapshot v1, https://vitest.dev/guide/snapshot.html

exports[`should render table 1`] = `
"<div data-v-83c58b0d="" class="table">
  <div data-v-83c58b0d="" style="overflow-y: auto; max-height: 90vh; height: 100%;">
    <div data-v-83c58b0d="" class="table-row--header table-row"></div>
    <div data-v-83c58b0d="" style="width: 100%; height: 0px; margin-top: 0px;"></div>
  </div>
</div>"
`;
